[LOG] SELECT DATABASE();
[LOG] information_schema
