[LOG] LOG_BASE_DIR ./logs/ /logs/ LOG_BASE_DIR=./logs/
