[LOG] ./logs/
[LOG] ./logs/
[LOG] $(env)
[LOG] ${LOG_BASE_DIR/./}
