[LOG] n1_test 1
[LOG] n1_test 2
[LOG] n2_test 3
[LOG] n2_test 4
[LOG] last_test 5
[LOG] last_test 6
