[LOG] test shell needs log [WARNING]
[LOG] test_variable_insertion 0
