[LOG] INSERT INTO my_table1 (id, field1, field2) VALUES
[LOG] (1,'funny','man')
[LOG] ,(2,'silly','baby')
[LOG] ;INSERT INTO my_table1 (id, field1, field2) VALUES
[LOG] (3,'pretty','woman')
[LOG] ;
[LOG] INSERT INTO my_table2 (id, field1, field2) VALUES
[LOG] (1,'funny','man')
[LOG] ,(2,'silly','baby')
[LOG] ,(3,'pretty','woman')
[LOG] ON DUPLICATE KEY UPDATE field1=VALUES(field1), field2=VALUES(field2);
[LOG] DELETE FROM my_local_table WHERE id < 123456;
[LOG] SELECT 'numb_rows_added_and_deleted', ROW_COUNT();
[LOG] ,(1,'funny','man')
[LOG] ,(2,'silly','baby')
[LOG] ,(3,'pretty','woman')
[LOG] ;DELETE FROM my_table4 WHERE id IN (1,2,3);
