[LOG] "value1"
[LOG] "cnt=1&funny=man"
[LOG] "cnt=2&funny=man"
[LOG] "next_page_1"
[LOG] "next_page_2"
[LOG] "value1"
[LOG] "value2"
[LOG] "test=argument&silly=woman"
[LOG] "test=post&silly=woman"
