[LOG] funny
[LOG] man
[LOG] silly
[LOG] baby
[LOG] pretty
[LOG] woman
