[LOG] parent start
[LOG] subprocess start
[LOG] parent done
[LOG] subprocess done
