[LOG] this is a header
[LOG] this is the file content
[LOG] this is a footer
