[LOG] while loop 3
[LOG] while loop 2
[LOG] while loop 1
