[LOG] while loop 5
[LOG] while loop 4
[LOG] while loop 3
[LOG] while loop 2
[LOG] while loop 1
[LOG] while loop 0
