[LOG] base dir called
[LOG] a called
[LOG] b called
