[LOG] test shell needs log [
[LOG] test_variable_insertion 1
