[LOG] >funny man
[LOG] >silly woman
[LOG] >goofy kid
